Logger:         	MadelineProto 8.7.0
Logger:         	Copyright (C) 2016-2026 Daniil Gentili
Logger:         	Licensed under AGPLv3
Logger:         	https://github.com/danog/MadelineProto
Serialization:  	Got exclusive session lock!
Logger:         	MadelineProto 8.7.0
Logger:         	Copyright (C) 2016-2026 Daniil Gentili
Logger:         	Licensed under AGPLv3
Logger:         	https://github.com/danog/MadelineProto
Serialization:  	Got exclusive session lock!
Logger:         	MadelineProto 8.7.0
Logger:         	Copyright (C) 2016-2026 Daniil Gentili
Logger:         	Licensed under AGPLv3
Logger:         	https://github.com/danog/MadelineProto
Serialization:  	Got exclusive session lock!
Logger:         	MadelineProto 8.7.0
Logger:         	Copyright (C) 2016-2026 Daniil Gentili
Logger:         	Licensed under AGPLv3
Logger:         	https://github.com/danog/MadelineProto
Serialization:  	Got exclusive session lock!
Logger:         	MadelineProto 8.7.0
Logger:         	Copyright (C) 2016-2026 Daniil Gentili
Logger:         	Licensed under AGPLv3
Logger:         	https://github.com/danog/MadelineProto
Serialization:  	Got exclusive session lock!
Logger:         	MadelineProto 8.7.0
Logger:         	Copyright (C) 2016-2026 Daniil Gentili
Logger:         	Licensed under AGPLv3
Logger:         	https://github.com/danog/MadelineProto
Serialization:  	Got exclusive session lock!
Logger:         	MadelineProto 8.7.0
Logger:         	Copyright (C) 2016-2026 Daniil Gentili
Logger:         	Licensed under AGPLv3
Logger:         	https://github.com/danog/MadelineProto
Serialization:  	Got exclusive session lock!
Logger:         	MadelineProto 8.7.0
Logger:         	Copyright (C) 2016-2026 Daniil Gentili
Logger:         	Licensed under AGPLv3
Logger:         	https://github.com/danog/MadelineProto
Serialization:  	Got exclusive session lock!
Logger:         	MadelineProto 8.7.0
Logger:         	Copyright (C) 2016-2026 Daniil Gentili
Logger:         	Licensed under AGPLv3
Logger:         	https://github.com/danog/MadelineProto
Serialization:  	Got exclusive session lock!
Logger:         	MadelineProto 8.7.0
Logger:         	Copyright (C) 2016-2026 Daniil Gentili
Logger:         	Licensed under AGPLv3
Logger:         	https://github.com/danog/MadelineProto
Serialization:  	Got exclusive session lock!
Logger:         	MadelineProto 8.7.0
Logger:         	Copyright (C) 2016-2026 Daniil Gentili
Logger:         	Licensed under AGPLv3
Logger:         	https://github.com/danog/MadelineProto
Serialization:  	Got exclusive session lock!
Logger:         	MadelineProto 8.7.0
Logger:         	Copyright (C) 2016-2026 Daniil Gentili
Logger:         	Licensed under AGPLv3
Logger:         	https://github.com/danog/MadelineProto
Serialization:  	Got exclusive session lock!
Logger:         	MadelineProto 8.7.0
Logger:         	Copyright (C) 2016-2026 Daniil Gentili
Logger:         	Licensed under AGPLv3
Logger:         	https://github.com/danog/MadelineProto
Serialization:  	Got exclusive session lock!
Logger:         	MadelineProto 8.7.0
Logger:         	Copyright (C) 2016-2026 Daniil Gentili
Logger:         	Licensed under AGPLv3
Logger:         	https://github.com/danog/MadelineProto
Serialization:  	It seems like the session is busy.
Serialization:  	Telegram does not support starting multiple instances of the same session, make sure no other instance of the session is running.
Serialization:  	Got exclusive session lock!
Logger:         	MadelineProto 8.7.0
Logger:         	Copyright (C) 2016-2026 Daniil Gentili
Logger:         	Licensed under AGPLv3
Logger:         	https://github.com/danog/MadelineProto
Serialization:  	Got exclusive session lock!
Logger:         	MadelineProto 8.7.0
Logger:         	Copyright (C) 2016-2026 Daniil Gentili
Logger:         	Licensed under AGPLv3
Logger:         	https://github.com/danog/MadelineProto
Serialization:  	Got exclusive session lock!
Logger:         	MadelineProto 8.7.0
Logger:         	Copyright (C) 2016-2026 Daniil Gentili
Logger:         	Licensed under AGPLv3
Logger:         	https://github.com/danog/MadelineProto
Serialization:  	Got exclusive session lock!
Logger:         	MadelineProto 8.7.0
Logger:         	Copyright (C) 2016-2026 Daniil Gentili
Logger:         	Licensed under AGPLv3
Logger:         	https://github.com/danog/MadelineProto
Serialization:  	Got exclusive session lock!
Logger:         	MadelineProto 8.7.0
Logger:         	Copyright (C) 2016-2026 Daniil Gentili
Logger:         	Licensed under AGPLv3
Logger:         	https://github.com/danog/MadelineProto
Serialization:  	Got exclusive session lock!
Logger:         	MadelineProto 8.7.0
Logger:         	Copyright (C) 2016-2026 Daniil Gentili
Logger:         	Licensed under AGPLv3
Logger:         	https://github.com/danog/MadelineProto
Serialization:  	Got exclusive session lock!
Logger:         	MadelineProto 8.7.0
Logger:         	Copyright (C) 2016-2026 Daniil Gentili
Logger:         	Licensed under AGPLv3
Logger:         	https://github.com/danog/MadelineProto
Serialization:  	Got exclusive session lock!
Logger:         	MadelineProto 8.7.0
Logger:         	Copyright (C) 2016-2026 Daniil Gentili
Logger:         	Licensed under AGPLv3
Logger:         	https://github.com/danog/MadelineProto
Serialization:  	Got exclusive session lock!
Logger:         	MadelineProto 8.7.0
Logger:         	Copyright (C) 2016-2026 Daniil Gentili
Logger:         	Licensed under AGPLv3
Logger:         	https://github.com/danog/MadelineProto
Serialization:  	Got exclusive session lock!
